14.06.2026 - 01:57:04 - [TAB v5.5.0] Permission system LuckPerms threw an exception when getting group of test
14.06.2026 - 01:57:04 - java.lang.IllegalStateException: Capability has not been initialised
14.06.2026 - 01:57:04 - 	at me.lucko.luckperms.neoforge.capabilities.UserCapabilityImpl.assertInitialised(UserCapabilityImpl.java:98)
14.06.2026 - 01:57:04 - 	at me.lucko.luckperms.neoforge.capabilities.UserCapabilityImpl.getQueryOptionsCache(UserCapabilityImpl.java:151)
14.06.2026 - 01:57:04 - 	at me.lucko.luckperms.neoforge.context.NeoForgeContextManager.getCacheFor(NeoForgeContextManager.java:58)
14.06.2026 - 01:57:04 - 	at me.lucko.luckperms.neoforge.context.NeoForgeContextManager.getCacheFor(NeoForgeContextManager.java:40)
14.06.2026 - 01:57:04 - 	at me.lucko.luckperms.common.context.manager.ContextManager.getQueryOptions(ContextManager.java:83)
14.06.2026 - 01:57:04 - 	at me.lucko.luckperms.neoforge.LPNeoForgePlugin.lambda$getQueryOptionsForUser$0(LPNeoForgePlugin.java:191)
14.06.2026 - 01:57:04 - 	at java.base/java.util.Optional.map(Optional.java:260)
14.06.2026 - 01:57:04 - 	at me.lucko.luckperms.neoforge.LPNeoForgePlugin.getQueryOptionsForUser(LPNeoForgePlugin.java:191)
14.06.2026 - 01:57:04 - 	at me.lucko.luckperms.common.model.User.getQueryOptions(User.java:90)
14.06.2026 - 01:57:04 - 	at me.lucko.luckperms.common.api.implementation.ApiUser.getPrimaryGroup(ApiUser.java:72)
14.06.2026 - 01:57:04 - 	at TAB//me.neznamy.tab.shared.hook.LuckPermsHook.lambda$new$0(LuckPermsHook.java:38)
14.06.2026 - 01:57:04 - 	at TAB//me.neznamy.tab.shared.GroupManager.getByPrimary(GroupManager.java:63)
14.06.2026 - 01:57:04 - 	at TAB//me.neznamy.tab.shared.GroupManager.detectPermissionGroup(GroupManager.java:50)
14.06.2026 - 01:57:04 - 	at TAB//me.neznamy.tab.shared.platform.TabPlayer.<init>(TabPlayer.java:185)
14.06.2026 - 01:57:04 - 	at TAB//me.neznamy.tab.shared.backend.BackendTabPlayer.<init>(BackendTabPlayer.java:41)
14.06.2026 - 01:57:04 - 	at TAB//me.neznamy.tab.platforms.bukkit.BukkitTabPlayer.<init>(BukkitTabPlayer.java:28)
14.06.2026 - 01:57:04 - 	at TAB//me.neznamy.tab.platforms.bukkit.BukkitEventListener.createPlayer(BukkitEventListener.java:67)
14.06.2026 - 01:57:04 - 	at TAB//me.neznamy.tab.platforms.bukkit.BukkitEventListener.createPlayer(BukkitEventListener.java:20)
14.06.2026 - 01:57:04 - 	at TAB//me.neznamy.tab.shared.platform.EventListener.lambda$join$0(EventListener.java:29)
14.06.2026 - 01:57:04 - 	at TAB//me.neznamy.tab.shared.cpu.CaughtTask.run(CaughtTask.java:18)
14.06.2026 - 01:57:04 - 	at java.base/java.util.concurrent.Executors$RunnableAdapter.call(Executors.java:572)
14.06.2026 - 01:57:04 - 	at java.base/java.util.concurrent.FutureTask.run(FutureTask.java:317)
14.06.2026 - 01:57:04 - 	at java.base/java.util.concurrent.ScheduledThreadPoolExecutor$ScheduledFutureTask.run(ScheduledThreadPoolExecutor.java:304)
14.06.2026 - 01:57:04 - 	at java.base/java.util.concurrent.ThreadPoolExecutor.runWorker(ThreadPoolExecutor.java:1144)
14.06.2026 - 01:57:04 - 	at java.base/java.util.concurrent.ThreadPoolExecutor$Worker.run(ThreadPoolExecutor.java:642)
14.06.2026 - 01:57:04 - 	at java.base/java.lang.Thread.run(Thread.java:1583)
14.06.2026 - 02:01:25 - [TAB v5.5.0] Permission system LuckPerms threw an exception when getting group of test
14.06.2026 - 02:01:25 - java.lang.IllegalStateException: Capability has not been initialised
14.06.2026 - 02:01:25 - 	at me.lucko.luckperms.neoforge.capabilities.UserCapabilityImpl.assertInitialised(UserCapabilityImpl.java:98)
14.06.2026 - 02:01:25 - 	at me.lucko.luckperms.neoforge.capabilities.UserCapabilityImpl.getQueryOptionsCache(UserCapabilityImpl.java:151)
14.06.2026 - 02:01:25 - 	at me.lucko.luckperms.neoforge.context.NeoForgeContextManager.getCacheFor(NeoForgeContextManager.java:58)
14.06.2026 - 02:01:25 - 	at me.lucko.luckperms.neoforge.context.NeoForgeContextManager.getCacheFor(NeoForgeContextManager.java:40)
14.06.2026 - 02:01:25 - 	at me.lucko.luckperms.common.context.manager.ContextManager.getQueryOptions(ContextManager.java:83)
14.06.2026 - 02:01:25 - 	at me.lucko.luckperms.neoforge.LPNeoForgePlugin.lambda$getQueryOptionsForUser$0(LPNeoForgePlugin.java:191)
14.06.2026 - 02:01:25 - 	at java.base/java.util.Optional.map(Optional.java:260)
14.06.2026 - 02:01:25 - 	at me.lucko.luckperms.neoforge.LPNeoForgePlugin.getQueryOptionsForUser(LPNeoForgePlugin.java:191)
14.06.2026 - 02:01:25 - 	at me.lucko.luckperms.common.model.User.getQueryOptions(User.java:90)
14.06.2026 - 02:01:25 - 	at me.lucko.luckperms.common.api.implementation.ApiUser.getPrimaryGroup(ApiUser.java:72)
14.06.2026 - 02:01:25 - 	at TAB//me.neznamy.tab.shared.hook.LuckPermsHook.lambda$new$0(LuckPermsHook.java:38)
14.06.2026 - 02:01:25 - 	at TAB//me.neznamy.tab.shared.GroupManager.getByPrimary(GroupManager.java:63)
14.06.2026 - 02:01:25 - 	at TAB//me.neznamy.tab.shared.GroupManager.detectPermissionGroup(GroupManager.java:50)
14.06.2026 - 02:01:25 - 	at TAB//me.neznamy.tab.shared.platform.TabPlayer.<init>(TabPlayer.java:185)
14.06.2026 - 02:01:25 - 	at TAB//me.neznamy.tab.shared.backend.BackendTabPlayer.<init>(BackendTabPlayer.java:41)
14.06.2026 - 02:01:25 - 	at TAB//me.neznamy.tab.platforms.bukkit.BukkitTabPlayer.<init>(BukkitTabPlayer.java:28)
14.06.2026 - 02:01:25 - 	at TAB//me.neznamy.tab.platforms.bukkit.BukkitEventListener.createPlayer(BukkitEventListener.java:67)
14.06.2026 - 02:01:25 - 	at TAB//me.neznamy.tab.platforms.bukkit.BukkitEventListener.createPlayer(BukkitEventListener.java:20)
14.06.2026 - 02:01:25 - 	at TAB//me.neznamy.tab.shared.platform.EventListener.lambda$join$0(EventListener.java:29)
14.06.2026 - 02:01:25 - 	at TAB//me.neznamy.tab.shared.cpu.CaughtTask.run(CaughtTask.java:18)
14.06.2026 - 02:01:25 - 	at java.base/java.util.concurrent.Executors$RunnableAdapter.call(Executors.java:572)
14.06.2026 - 02:01:25 - 	at java.base/java.util.concurrent.FutureTask.run(FutureTask.java:317)
14.06.2026 - 02:01:25 - 	at java.base/java.util.concurrent.ScheduledThreadPoolExecutor$ScheduledFutureTask.run(ScheduledThreadPoolExecutor.java:304)
14.06.2026 - 02:01:25 - 	at java.base/java.util.concurrent.ThreadPoolExecutor.runWorker(ThreadPoolExecutor.java:1144)
14.06.2026 - 02:01:25 - 	at java.base/java.util.concurrent.ThreadPoolExecutor$Worker.run(ThreadPoolExecutor.java:642)
14.06.2026 - 02:01:25 - 	at java.base/java.lang.Thread.run(Thread.java:1583)
