14.06.2026 - 02:01:25 - [TAB v5.5.0] Player placeholder %luckperms-prefix% generated an error when setting for player test
14.06.2026 - 02:01:25 - java.lang.IllegalStateException: Capability has not been initialised
14.06.2026 - 02:01:25 - 	at me.lucko.luckperms.neoforge.capabilities.UserCapabilityImpl.assertInitialised(UserCapabilityImpl.java:98)
14.06.2026 - 02:01:25 - 	at me.lucko.luckperms.neoforge.capabilities.UserCapabilityImpl.getQueryOptionsCache(UserCapabilityImpl.java:151)
14.06.2026 - 02:01:25 - 	at me.lucko.luckperms.neoforge.context.NeoForgeContextManager.getCacheFor(NeoForgeContextManager.java:58)
14.06.2026 - 02:01:25 - 	at me.lucko.luckperms.neoforge.context.NeoForgeContextManager.getCacheFor(NeoForgeContextManager.java:40)
14.06.2026 - 02:01:25 - 	at me.lucko.luckperms.common.context.manager.ContextManager.getQueryOptions(ContextManager.java:83)
14.06.2026 - 02:01:25 - 	at me.lucko.luckperms.neoforge.LPNeoForgePlugin.lambda$getQueryOptionsForUser$0(LPNeoForgePlugin.java:191)
14.06.2026 - 02:01:25 - 	at java.base/java.util.Optional.map(Optional.java:260)
14.06.2026 - 02:01:25 - 	at me.lucko.luckperms.neoforge.LPNeoForgePlugin.getQueryOptionsForUser(LPNeoForgePlugin.java:191)
14.06.2026 - 02:01:25 - 	at me.lucko.luckperms.common.api.implementation.ApiContextManager.getQueryOptions(ApiContextManager.java:91)
14.06.2026 - 02:01:25 - 	at TAB//me.neznamy.tab.shared.hook.LuckPermsHook.getCachedMetaData(LuckPermsHook.java:106)
14.06.2026 - 02:01:25 - 	at TAB//me.neznamy.tab.shared.hook.LuckPermsHook.getPrefix(LuckPermsHook.java:50)
14.06.2026 - 02:01:25 - 	at TAB//me.neznamy.tab.shared.placeholders.UniversalPlaceholderRegistry.lambda$registerPlayerPlaceholders$26(UniversalPlaceholderRegistry.java:146)
14.06.2026 - 02:01:25 - 	at TAB//me.neznamy.tab.shared.placeholders.types.PlayerPlaceholderImpl.request(PlayerPlaceholderImpl.java:153)
14.06.2026 - 02:01:25 - 	at TAB//me.neznamy.tab.shared.placeholders.types.PlayerPlaceholderImpl.getLastValue(PlayerPlaceholderImpl.java:131)
14.06.2026 - 02:01:25 - 	at TAB//me.neznamy.tab.shared.placeholders.types.TabPlaceholder.set(TabPlaceholder.java:82)
14.06.2026 - 02:01:25 - 	at TAB//me.neznamy.tab.shared.Property$PlaceholderElement.get(Property.java:359)
14.06.2026 - 02:01:25 - 	at TAB//me.neznamy.tab.shared.Property.update(Property.java:253)
14.06.2026 - 02:01:25 - 	at TAB//me.neznamy.tab.shared.Property.analyze(Property.java:159)
14.06.2026 - 02:01:25 - 	at TAB//me.neznamy.tab.shared.Property.<init>(Property.java:104)
14.06.2026 - 02:01:25 - 	at TAB//me.neznamy.tab.shared.platform.TabPlayer.loadPropertyFromConfig(TabPlayer.java:282)
14.06.2026 - 02:01:25 - 	at TAB//me.neznamy.tab.shared.features.playerlist.PlayerList.loadProperties(PlayerList.java:68)
14.06.2026 - 02:01:25 - 	at TAB//me.neznamy.tab.shared.features.playerlist.PlayerList.onJoin(PlayerList.java:225)
14.06.2026 - 02:01:25 - 	at TAB//me.neznamy.tab.shared.FeatureManager.lambda$onJoin$3(FeatureManager.java:205)
14.06.2026 - 02:01:25 - 	at TAB//me.neznamy.tab.shared.cpu.TimedCaughtTask.run(TimedCaughtTask.java:28)
14.06.2026 - 02:01:25 - 	at TAB//me.neznamy.tab.shared.FeatureManager.onJoin(FeatureManager.java:209)
14.06.2026 - 02:01:25 - 	at TAB//me.neznamy.tab.shared.platform.EventListener.lambda$join$0(EventListener.java:29)
14.06.2026 - 02:01:25 - 	at TAB//me.neznamy.tab.shared.cpu.CaughtTask.run(CaughtTask.java:18)
14.06.2026 - 02:01:25 - 	at java.base/java.util.concurrent.Executors$RunnableAdapter.call(Executors.java:572)
14.06.2026 - 02:01:25 - 	at java.base/java.util.concurrent.FutureTask.run(FutureTask.java:317)
14.06.2026 - 02:01:25 - 	at java.base/java.util.concurrent.ScheduledThreadPoolExecutor$ScheduledFutureTask.run(ScheduledThreadPoolExecutor.java:304)
14.06.2026 - 02:01:25 - 	at java.base/java.util.concurrent.ThreadPoolExecutor.runWorker(ThreadPoolExecutor.java:1144)
14.06.2026 - 02:01:25 - 	at java.base/java.util.concurrent.ThreadPoolExecutor$Worker.run(ThreadPoolExecutor.java:642)
14.06.2026 - 02:01:25 - 	at java.base/java.lang.Thread.run(Thread.java:1583)
14.06.2026 - 02:01:25 - [TAB v5.5.0] Player placeholder %luckperms-suffix% generated an error when setting for player test
14.06.2026 - 02:01:25 - java.lang.IllegalStateException: Capability has not been initialised
14.06.2026 - 02:01:25 - 	at me.lucko.luckperms.neoforge.capabilities.UserCapabilityImpl.assertInitialised(UserCapabilityImpl.java:98)
14.06.2026 - 02:01:25 - 	at me.lucko.luckperms.neoforge.capabilities.UserCapabilityImpl.getQueryOptionsCache(UserCapabilityImpl.java:151)
14.06.2026 - 02:01:25 - 	at me.lucko.luckperms.neoforge.context.NeoForgeContextManager.getCacheFor(NeoForgeContextManager.java:58)
14.06.2026 - 02:01:25 - 	at me.lucko.luckperms.neoforge.context.NeoForgeContextManager.getCacheFor(NeoForgeContextManager.java:40)
14.06.2026 - 02:01:25 - 	at me.lucko.luckperms.common.context.manager.ContextManager.getQueryOptions(ContextManager.java:83)
14.06.2026 - 02:01:25 - 	at me.lucko.luckperms.neoforge.LPNeoForgePlugin.lambda$getQueryOptionsForUser$0(LPNeoForgePlugin.java:191)
14.06.2026 - 02:01:25 - 	at java.base/java.util.Optional.map(Optional.java:260)
14.06.2026 - 02:01:25 - 	at me.lucko.luckperms.neoforge.LPNeoForgePlugin.getQueryOptionsForUser(LPNeoForgePlugin.java:191)
14.06.2026 - 02:01:25 - 	at me.lucko.luckperms.common.api.implementation.ApiContextManager.getQueryOptions(ApiContextManager.java:91)
14.06.2026 - 02:01:25 - 	at TAB//me.neznamy.tab.shared.hook.LuckPermsHook.getCachedMetaData(LuckPermsHook.java:106)
14.06.2026 - 02:01:25 - 	at TAB//me.neznamy.tab.shared.hook.LuckPermsHook.getSuffix(LuckPermsHook.java:77)
14.06.2026 - 02:01:25 - 	at TAB//me.neznamy.tab.shared.placeholders.UniversalPlaceholderRegistry.lambda$registerPlayerPlaceholders$28(UniversalPlaceholderRegistry.java:150)
14.06.2026 - 02:01:25 - 	at TAB//me.neznamy.tab.shared.placeholders.types.PlayerPlaceholderImpl.request(PlayerPlaceholderImpl.java:153)
14.06.2026 - 02:01:25 - 	at TAB//me.neznamy.tab.shared.placeholders.types.PlayerPlaceholderImpl.getLastValue(PlayerPlaceholderImpl.java:131)
14.06.2026 - 02:01:25 - 	at TAB//me.neznamy.tab.shared.placeholders.types.TabPlaceholder.set(TabPlaceholder.java:82)
14.06.2026 - 02:01:25 - 	at TAB//me.neznamy.tab.shared.Property$PlaceholderElement.get(Property.java:359)
14.06.2026 - 02:01:25 - 	at TAB//me.neznamy.tab.shared.Property.update(Property.java:253)
14.06.2026 - 02:01:25 - 	at TAB//me.neznamy.tab.shared.Property.analyze(Property.java:159)
14.06.2026 - 02:01:25 - 	at TAB//me.neznamy.tab.shared.Property.<init>(Property.java:104)
14.06.2026 - 02:01:25 - 	at TAB//me.neznamy.tab.shared.platform.TabPlayer.loadPropertyFromConfig(TabPlayer.java:282)
14.06.2026 - 02:01:25 - 	at TAB//me.neznamy.tab.shared.features.playerlist.PlayerList.loadProperties(PlayerList.java:70)
14.06.2026 - 02:01:25 - 	at TAB//me.neznamy.tab.shared.features.playerlist.PlayerList.onJoin(PlayerList.java:225)
14.06.2026 - 02:01:25 - 	at TAB//me.neznamy.tab.shared.FeatureManager.lambda$onJoin$3(FeatureManager.java:205)
14.06.2026 - 02:01:25 - 	at TAB//me.neznamy.tab.shared.cpu.TimedCaughtTask.run(TimedCaughtTask.java:28)
14.06.2026 - 02:01:25 - 	at TAB//me.neznamy.tab.shared.FeatureManager.onJoin(FeatureManager.java:209)
14.06.2026 - 02:01:25 - 	at TAB//me.neznamy.tab.shared.platform.EventListener.lambda$join$0(EventListener.java:29)
14.06.2026 - 02:01:25 - 	at TAB//me.neznamy.tab.shared.cpu.CaughtTask.run(CaughtTask.java:18)
14.06.2026 - 02:01:25 - 	at java.base/java.util.concurrent.Executors$RunnableAdapter.call(Executors.java:572)
14.06.2026 - 02:01:25 - 	at java.base/java.util.concurrent.FutureTask.run(FutureTask.java:317)
14.06.2026 - 02:01:25 - 	at java.base/java.util.concurrent.ScheduledThreadPoolExecutor$ScheduledFutureTask.run(ScheduledThreadPoolExecutor.java:304)
14.06.2026 - 02:01:25 - 	at java.base/java.util.concurrent.ThreadPoolExecutor.runWorker(ThreadPoolExecutor.java:1144)
14.06.2026 - 02:01:25 - 	at java.base/java.util.concurrent.ThreadPoolExecutor$Worker.run(ThreadPoolExecutor.java:642)
14.06.2026 - 02:01:25 - 	at java.base/java.lang.Thread.run(Thread.java:1583)
