[076月2026 14:00:30.086] [main/INFO] [cpw.mods.modlauncher.Launcher/MODLAUNCHER]: ModLauncher running: args [--username, BiliBear, --version, 1.21.1-鸽子窝-V1.0, --gameDir, C:\Users\CHEN JIAHAO\Desktop\PN Base V0.1-client\.minecraft\versions\1.21.1-鸽子窝-V1.0, --assetsDir, C:\Users\CHEN JIAHAO\Desktop\PN Base V0.1-client\.minecraft\assets, --assetIndex, 17, --uuid, 2aab3ffba6824f9da98a161c1814519e, --accessToken, ????????, --clientId, ${clientid}, --xuid, ${auth_xuid}, --userType, msa, --versionType, PCL, --width, 854, --height, 480, --fml.neoForgeVersion, 21.1.233, --fml.fmlVersion, 4.0.42, --fml.mcVersion, 1.21.1, --fml.neoFormVersion, 20240808.144430, --launchTarget, forgeclient]
[076月2026 14:00:30.088] [main/INFO] [cpw.mods.modlauncher.Launcher/MODLAUNCHER]: JVM identified as Eclipse Adoptium OpenJDK 64-Bit Server VM 21.0.11+10-LTS
[076月2026 14:00:30.090] [main/INFO] [cpw.mods.modlauncher.Launcher/MODLAUNCHER]: ModLauncher 11.0.5+main.901c6ea8 starting: java version 21.0.11 by Eclipse Adoptium; OS Windows 10 arch amd64 version 10.0
[076月2026 14:00:30.162] [main/INFO] [net.neoforged.fml.loading.ImmediateWindowHandler/]: Loading ImmediateWindowProvider fmlearlywindow
[076月2026 14:00:30.240] [main/INFO] [EARLYDISPLAY/]: Trying GL version 4.6
[076月2026 14:00:30.341] [main/INFO] [EARLYDISPLAY/]: Requested GL version 4.6 got version 4.6
[076月2026 14:00:30.519] [main/INFO] [mixin/]: SpongePowered MIXIN Subsystem Version=0.8.7 Source=union:/C:/Users/CHEN%20JIAHAO/Desktop/PN%20Base%20V0.1-client/.minecraft/libraries/net/fabricmc/sponge-mixin/0.15.2+mixin.0.8.7/sponge-mixin-0.15.2+mixin.0.8.7.jar%23175!/ Service=ModLauncher Env=CLIENT
[076月2026 14:00:30.615] [pool-2-thread-1/INFO] [EARLYDISPLAY/]: GL info: AMD Radeon 780M Graphics GL version 4.6.0 Core Profile Context 25.10.30.02.250923, ATI Technologies Inc.
[076月2026 14:00:30.769] [main/INFO] [net.neoforged.fml.loading.moddiscovery.ModDiscoverer/SCAN]: Found mod file "client-1.21.1-20240808.144430-srg.jar" [locator: production client provider +net.neoforged:neoforge:21.1.233:client]
[076月2026 14:00:30.785] [main/INFO] [net.neoforged.fml.loading.moddiscovery.ModDiscoverer/SCAN]: Found mod file "neoforge-21.1.233-universal.jar" [locator: PathBasedLocator[name=neoforge, paths=[C:\Users\CHEN JIAHAO\Desktop\PN Base V0.1-client\.minecraft\libraries\net\neoforged\neoforge\21.1.233\neoforge-21.1.233-universal.jar]], reader: mod manifest]
[076月2026 14:00:30.881] [main/INFO] [net.neoforged.fml.loading.moddiscovery.locators.JarInJarDependencyLocator/]: Found 2 dependencies adding them to mods collection
[076月2026 14:00:30.881] [main/INFO] [net.neoforged.fml.loading.moddiscovery.ModDiscoverer/SCAN]: Found gamelibrary file "mixinextras-neoforge-0.5.3.jar" [parent: neoforge-21.1.233-universal.jar, locator: jarinjar, reader: mod manifest]
[076月2026 14:00:30.881] [main/INFO] [net.neoforged.fml.loading.moddiscovery.ModDiscoverer/SCAN]: Found library file "net.neoforged.neoforge-coremods-21.1.233.jar" [parent: neoforge-21.1.233-universal.jar, locator: jarinjar, reader: mod manifest]
[076月2026 14:00:30.882] [main/INFO] [net.neoforged.fml.loading.moddiscovery.ModDiscoverer/]: 
     Mod List:
		Name Version (Mod Id)

		Minecraft 1.21.1 (minecraft)
		NeoForge 21.1.233 (neoforge)
[076月2026 14:00:31.207] [main/INFO] [cpw.mods.modlauncher.LaunchServiceHandler/MODLAUNCHER]: Launching target 'forgeclient' with arguments [--version, 1.21.1-鸽子窝-V1.0, --gameDir, C:\Users\CHEN JIAHAO\Desktop\PN Base V0.1-client\.minecraft\versions\1.21.1-鸽子窝-V1.0, --assetsDir, C:\Users\CHEN JIAHAO\Desktop\PN Base V0.1-client\.minecraft\assets, --uuid, 2aab3ffba6824f9da98a161c1814519e, --username, BiliBear, --assetIndex, 17, --accessToken, ????????, --clientId, ${clientid}, --xuid, ${auth_xuid}, --userType, msa, --versionType, PCL, --width, 854, --height, 480]
[076月2026 14:00:32.298] [Datafixer Bootstrap/INFO] [com.mojang.datafixers.DataFixerBuilder/]: 229 Datafixer optimizations took 171 milliseconds
[076月2026 14:00:32.387] [main/WARN] [oshi.driver.windows.perfmon.PerfmonDisabled/]: Invalid registry value type detected for PerfOS counters. Should be REG_DWORD. Ignoring: HKEY_LOCAL_MACHINE\SYSTEM\CurrentControlSet\Services\PerfOS\Performance\Disable Performance Counters.
[076月2026 14:00:32.413] [pool-6-thread-1/INFO] [MixinExtras|Service/]: Initializing MixinExtras via com.llamalad7.mixinextras.service.MixinExtrasServiceImpl(version=0.5.3).
[076月2026 14:00:35.260] [Render thread/WARN] [net.minecraft.server.packs.VanillaPackResourcesBuilder/]: Assets URL 'union:/C:/Users/CHEN%20JIAHAO/Desktop/PN%20Base%20V0.1-client/.minecraft/libraries/net/minecraft/client/1.21.1-20240808.144430/client-1.21.1-20240808.144430-srg.jar%23188!/assets/.mcassetsroot' uses unexpected schema
[076月2026 14:00:35.260] [Render thread/WARN] [net.minecraft.server.packs.VanillaPackResourcesBuilder/]: Assets URL 'union:/C:/Users/CHEN%20JIAHAO/Desktop/PN%20Base%20V0.1-client/.minecraft/libraries/net/minecraft/client/1.21.1-20240808.144430/client-1.21.1-20240808.144430-srg.jar%23188!/data/.mcassetsroot' uses unexpected schema
[076月2026 14:00:35.279] [Render thread/INFO] [com.mojang.authlib.yggdrasil.YggdrasilAuthenticationService/]: Environment: Environment[sessionHost=https://sessionserver.mojang.com, servicesHost=https://api.minecraftservices.com, name=PROD]
[076月2026 14:00:35.285] [Render thread/INFO] [net.minecraft.client.Minecraft/]: Setting user: BiliBear
[076月2026 14:00:35.378] [Render thread/INFO] [net.minecraft.client.Minecraft/]: Backend library: LWJGL version 3.3.3+5
[076月2026 14:00:35.526] [modloading-worker-0/INFO] [net.neoforged.neoforge.common.NeoForgeMod/NEOFORGE-MOD]: NeoForge mod loading, version 21.1.233, for MC 1.21.1
[076月2026 14:00:36.112] [Render thread/INFO] [net.minecraft.server.packs.resources.ReloadableResourceManager/]: Reloading ResourceManager: vanilla, mod_resources, mod/neoforge
[076月2026 14:00:36.197] [Worker-Main-9/INFO] [net.minecraft.client.gui.font.providers.UnihexProvider/]: Found unifont_jp_patch-15.1.05.hex, loading
[076月2026 14:00:36.197] [Worker-Main-13/INFO] [net.minecraft.client.gui.font.providers.UnihexProvider/]: Found unifont_all_no_pua-15.1.05.hex, loading
[076月2026 14:00:37.145] [Render thread/WARN] [net.minecraft.client.sounds.SoundEngine/]: Missing sound for event: minecraft:item.goat_horn.play
[076月2026 14:00:37.145] [Render thread/WARN] [net.minecraft.client.sounds.SoundEngine/]: Missing sound for event: minecraft:entity.goat.screaming.horn_break
[076月2026 14:00:37.177] [Render thread/INFO] [com.mojang.blaze3d.audio.Library/]: OpenAL initialized on device OpenAL Soft on 2 - LG ULTRAGEAR (AMD High Definition Audio Device)
[076月2026 14:00:37.178] [Render thread/INFO] [net.minecraft.client.sounds.SoundEngine/SOUNDS]: Sound engine started
[076月2026 14:00:37.272] [Render thread/INFO] [net.minecraft.client.renderer.texture.TextureAtlas/]: Created: 1024x512x4 minecraft:textures/atlas/blocks.png-atlas
[076月2026 14:00:37.282] [Render thread/INFO] [net.minecraft.client.renderer.texture.TextureAtlas/]: Created: 256x256x4 minecraft:textures/atlas/signs.png-atlas
[076月2026 14:00:37.282] [Render thread/INFO] [net.minecraft.client.renderer.texture.TextureAtlas/]: Created: 512x512x4 minecraft:textures/atlas/banner_patterns.png-atlas
[076月2026 14:00:37.283] [Render thread/INFO] [net.minecraft.client.renderer.texture.TextureAtlas/]: Created: 512x512x4 minecraft:textures/atlas/shield_patterns.png-atlas
[076月2026 14:00:37.283] [Render thread/INFO] [net.minecraft.client.renderer.texture.TextureAtlas/]: Created: 1024x1024x4 minecraft:textures/atlas/armor_trims.png-atlas
[076月2026 14:00:37.287] [Render thread/INFO] [net.minecraft.client.renderer.texture.TextureAtlas/]: Created: 256x256x4 minecraft:textures/atlas/chest.png-atlas
[076月2026 14:00:37.287] [Render thread/INFO] [net.minecraft.client.renderer.texture.TextureAtlas/]: Created: 128x64x4 minecraft:textures/atlas/decorated_pot.png-atlas
[076月2026 14:00:37.288] [Render thread/INFO] [net.minecraft.client.renderer.texture.TextureAtlas/]: Created: 512x256x4 minecraft:textures/atlas/beds.png-atlas
[076月2026 14:00:37.288] [Render thread/INFO] [net.minecraft.client.renderer.texture.TextureAtlas/]: Created: 512x256x4 minecraft:textures/atlas/shulker_boxes.png-atlas
[076月2026 14:00:37.428] [Render thread/INFO] [net.minecraft.client.renderer.texture.TextureAtlas/]: Created: 512x256x0 minecraft:textures/atlas/particles.png-atlas
[076月2026 14:00:37.429] [Render thread/INFO] [net.minecraft.client.renderer.texture.TextureAtlas/]: Created: 512x256x0 minecraft:textures/atlas/paintings.png-atlas
[076月2026 14:00:37.430] [Render thread/INFO] [net.minecraft.client.renderer.texture.TextureAtlas/]: Created: 256x128x0 minecraft:textures/atlas/mob_effects.png-atlas
[076月2026 14:00:37.430] [Render thread/INFO] [net.minecraft.client.renderer.texture.TextureAtlas/]: Created: 64x64x0 minecraft:textures/atlas/map_decorations.png-atlas
[076月2026 14:00:37.430] [Render thread/INFO] [net.minecraft.client.renderer.texture.TextureAtlas/]: Created: 1024x512x0 minecraft:textures/atlas/gui.png-atlas
[076月2026 14:00:37.459] [Render thread/WARN] [net.minecraft.client.renderer.ShaderInstance/]: Shader rendertype_entity_translucent_emissive could not find sampler named Sampler2 in the specified shader program.
[076月2026 14:00:37.517] [Render thread/INFO] [net.neoforged.neoforge.client.entity.animation.json.AnimationLoader/]: Loaded 0 entity animations
[076月2026 14:00:47.939] [Render thread/INFO] [net.minecraft.world.item.crafting.RecipeManager/]: Loaded 1290 recipes
[076月2026 14:00:48.026] [Render thread/INFO] [net.minecraft.advancements.AdvancementTree/]: Loaded 1399 advancements
[076月2026 14:00:53.323] [Server thread/INFO] [net.minecraft.client.server.IntegratedServer/]: Starting integrated minecraft server version 1.21.1
[076月2026 14:00:53.323] [Server thread/INFO] [net.minecraft.server.MinecraftServer/]: Generating keypair
[076月2026 14:00:55.385] [Server thread/INFO] [net.minecraft.server.MinecraftServer/]: Preparing start region for dimension minecraft:overworld
[076月2026 14:00:55.411] [Render thread/INFO] [net.minecraft.server.level.progress.LoggerChunkProgressListener/]: 准备生成区域中：2%
[076月2026 14:00:55.902] [Render thread/INFO] [net.minecraft.server.level.progress.LoggerChunkProgressListener/]: 准备生成区域中：2%
[076月2026 14:00:56.399] [Render thread/INFO] [net.minecraft.server.level.progress.LoggerChunkProgressListener/]: 准备生成区域中：18%
[076月2026 14:00:56.911] [Render thread/INFO] [net.minecraft.server.level.progress.LoggerChunkProgressListener/]: 准备生成区域中：51%
[076月2026 14:00:56.959] [Server thread/INFO] [net.neoforged.neoforge.server.permission.PermissionAPI/]: Successfully initialized permission handler neoforge:default_handler
[076月2026 14:00:56.966] [Render thread/INFO] [net.minecraft.server.level.progress.LoggerChunkProgressListener/]: Time elapsed: 1573 ms
[076月2026 14:00:56.980] [Server thread/INFO] [net.minecraft.client.server.IntegratedServer/]: Changing view distance to 12, from 10
[076月2026 14:00:56.980] [Server thread/INFO] [net.minecraft.client.server.IntegratedServer/]: Changing simulation distance to 12, from 0
[076月2026 14:00:57.543] [Server thread/INFO] [net.minecraft.server.players.PlayerList/]: BiliBear[local:E:9fc7f101] logged in with entity id 9 at (71.5, 64.0, 4.5)
[076月2026 14:00:57.601] [Server thread/INFO] [net.minecraft.server.MinecraftServer/]: BiliBear加入了游戏
[076月2026 14:00:57.750] [Render thread/INFO] [net.minecraft.advancements.AdvancementTree/]: Loaded 2 advancements
[076月2026 14:01:13.511] [Server thread/INFO] [net.minecraft.client.server.IntegratedServer/]: Saving and pausing game...
[076月2026 14:01:13.522] [Server thread/INFO] [net.minecraft.server.MinecraftServer/]: Saving chunks for level 'ServerLevel[新的世界]'/minecraft:overworld
[076月2026 14:01:13.544] [Server thread/INFO] [net.minecraft.server.MinecraftServer/]: Saving chunks for level 'ServerLevel[新的世界]'/minecraft:the_end
[076月2026 14:01:13.546] [Server thread/INFO] [net.minecraft.server.MinecraftServer/]: Saving chunks for level 'ServerLevel[新的世界]'/minecraft:the_nether
[076月2026 14:01:15.626] [Server thread/INFO] [net.minecraft.server.network.ServerGamePacketListenerImpl/]: BiliBear lost connection: 连接中断
[076月2026 14:01:15.626] [Server thread/INFO] [net.minecraft.server.MinecraftServer/]: BiliBear退出了游戏
[076月2026 14:01:15.637] [Server thread/INFO] [net.minecraft.server.network.ServerCommonPacketListenerImpl/]: Stopping singleplayer server as player logged out
[076月2026 14:01:15.662] [Server thread/INFO] [net.minecraft.server.MinecraftServer/]: Stopping server
[076月2026 14:01:15.663] [Server thread/INFO] [net.minecraft.server.MinecraftServer/]: Saving players
[076月2026 14:01:15.663] [Server thread/INFO] [net.minecraft.server.MinecraftServer/]: Saving worlds
[076月2026 14:01:16.341] [Server thread/INFO] [net.minecraft.server.MinecraftServer/]: Saving chunks for level 'ServerLevel[新的世界]'/minecraft:overworld
[076月2026 14:01:17.661] [Server thread/INFO] [net.minecraft.server.MinecraftServer/]: Saving chunks for level 'ServerLevel[新的世界]'/minecraft:the_end
[076月2026 14:01:17.666] [Server thread/INFO] [net.minecraft.server.MinecraftServer/]: Saving chunks for level 'ServerLevel[新的世界]'/minecraft:the_nether
[076月2026 14:01:17.675] [Server thread/INFO] [net.minecraft.server.MinecraftServer/]: ThreadedAnvilChunkStorage (新的世界): All chunks are saved
[076月2026 14:01:17.676] [Server thread/INFO] [net.minecraft.server.MinecraftServer/]: ThreadedAnvilChunkStorage (DIM1): All chunks are saved
[076月2026 14:01:17.676] [Server thread/INFO] [net.minecraft.server.MinecraftServer/]: ThreadedAnvilChunkStorage (DIM-1): All chunks are saved
[076月2026 14:01:17.676] [Server thread/INFO] [net.minecraft.server.MinecraftServer/]: ThreadedAnvilChunkStorage: All dimensions are saved
[076月2026 14:01:18.341] [Render thread/INFO] [net.minecraft.client.Minecraft/]: Stopping!
